// Jest Snapshot v1, https://goo.gl/fbAQLP

exports[`App component renders without crashing 1`] = `
<DocumentFragment>
  <div
    class="App"
  >
    <nav
      class="bg-body-tertiary navbar navbar-expand-lg navbar-light"
    >
      <div
        class="container"
      >
        <span
          class="AppTitle fs-1 navbar-brand"
        >
          TaskSemaphor
        </span>
        <div
          class="navbar-nav"
        />
      </div>
    </nav>
    <div>
      <div
        class="m-auto text-light mt-5 card bg-dark border-light"
        data-testid="login-register-card"
        style="width: 20rem;"
      >
        <div
          class="card-body"
        >
          <div
            class="mb-4 mt-2 card-title h5"
          >
            Login or Register
          </div>
          <form
            class=""
          >
            <div
              class="mb-3 mx-4"
            >
              <input
                class="form-control"
                id="formBasicUsername"
                name="username"
                placeholder="Username"
                required=""
                type="text"
                value=""
              />
            </div>
            <div
              class="mb-3 mx-4"
            >
              <input
                class="form-control"
                id="formBasicPassword"
                name="password"
                placeholder="Password"
                required=""
                type="password"
                value=""
              />
            </div>
            <button
              class="m-3 btn btn-secondary"
              type="button"
            >
              Login
            </button>
            <button
              class="btn btn-secondary"
              type="button"
            >
              Register
            </button>
          </form>
        </div>
      </div>
    </div>
  </div>
</DocumentFragment>
`;
